// Jest Snapshot v1, https://goo.gl/fbAQLP

exports[`FIXServer TCP End-to-end: connect and Logon 1`] = `"8=FIX.4.79=7335=A34=149=CLIENT52=20210815-21:51:47.36556=SERVER141=Y98=0108=6410=210"`;

exports[`FIXServer TCP End-to-end: connect and Logon 2`] = `"8=FIX.4.79=7335=A34=149=SERVER52=20210815-21:51:47.36556=CLIENT141=Y98=0108=6410=210"`;
