// Jest Snapshot v1, https://goo.gl/fbAQLP

exports[`FIXServer TCP End-to-end: first message not a Logon 1`] = `"8=FIX.4.89=12935=D34=149=CLIENT52=20210815-21:51:47.36556=SERVER11=1122334421=138=12360=20210815-21:51:47.36540=154=155=700.HK59=010=095"`;

exports[`FIXServer TCP End-to-end: first message not a Logon 2`] = `"8=FIXT.1.19=8435=534=149=CLIENT52=20210815-21:51:47.36556=SERVER58=First message not a Logon10=143"`;
