// Jest Snapshot v1, https://goo.gl/fbAQLP

exports[`FIXServer WebSocket End-to-end: connect and Logon 1`] = `"8=FIX.4.69=7635=A34=149=CLIENT252=20210815-21:51:47.36556=SERVER2141=Y98=0108=12810=105"`;
